node : (node:19104) 
Warning: 
NodeVersionSupportWarning: 
The AWS SDK for JavaScript 
(v3)
At line:1 char:1
+ node test-service.js > 
test-results.txt 2>&1
+ ~~~~~~~~~~~~~~~~~~~~~~~~~~
~~~~~~~~~~~~~~~~~~
    + CategoryInfo          
    : NotSpecified: ((node  
  :19104) Wa...JavaScript   
  (v3):String) [], Remot    
eException
    + FullyQualifiedErrorId 
    : NativeCommandError
 
versions published after 
the first week of January 
2027
will require node >=22. You 
are running node v20.14.0.

To continue receiving 
updates to AWS services, 
bug fixes,
and security updates please 
upgrade to node >=22.

More information can be 
found at: 
https://a.co/c895JFp
(Use `node --trace-warnings 
...` to show where the 
warning was created)
Presigned URL: https://fullstack-machine-test.e96c19d9f4628db84942903ecd3aaf1a.r2.cloudflarestorage.com/test-fetch-error.jpg?X-Amz-Algorithm=AWS4-HMAC-SHA256&X-Amz-Content-Sha256=UNSIGNED-PAYLOAD&X-Amz-Credential=0ec3cd3e83b1fdef1b194fbac1f1fc0f%2F20260618%2Fauto%2Fs3%2Faws4_request&X-Amz-Date=20260618T061000Z&X-Amz-Expires=300&X-Amz-Signature=8a0be088a06bab9a99cff85800e95ac11d72be72f5f150948b2897d023524277&X-Amz-SignedHeaders=host&x-id=PutObject
Status: 403
Body: <?xml version="1.0" encoding="UTF-8"?><Error><Code>AccessDenied</Code><Message>Access Denied</Message></Error>
